[
  {
    "message": "need token",
    "code": 400,
    "time": 1734377606126
  },
  {
    "message": "need token",
    "code": 400,
    "time": 1734377606139
  },
  {
    "message": "need token",
    "code": 400,
    "time": 1734377760779
  },
  {
    "message": "token error",
    "code": 400,
    "time": 1734517199736
  },
  {
    "message": "token error",
    "code": 400,
    "time": 1734517199761
  },
  {
    "message": "token error",
    "code": 400,
    "time": 1734517213105
  },
  {
    "message": "token error",
    "code": 400,
    "time": 1734517213112
  },
  {
    "message": "need token",
    "code": 400,
    "time": 1734520402219
  },
  {
    "message": "need token",
    "code": 400,
    "time": 1734520968491
  },
  {
    "message": "Cannot read properties of undefined (reading 'filename')",
    "code": 400,
    "time": 1734521496154
  },
  {
    "message": "Cannot read properties of undefined (reading 'filename')",
    "code": 400,
    "time": 1734521562560
  },
  {
    "message": "Cannot read properties of undefined (reading 'filename')",
    "code": 400,
    "time": 1734521564359
  },
  {
    "message": "Cannot read properties of undefined (reading 'filename')",
    "code": 400,
    "time": 1734521564852
  },
  {
    "message": "Cannot read properties of undefined (reading 'filename')",
    "code": 400,
    "time": 1734525587509
  },
  {
    "message": "token error",
    "code": 400,
    "time": 1734547921396
  },
  {
    "message": "token error",
    "code": 400,
    "time": 1734547921422
  },
  {
    "message": "token error",
    "code": 400,
    "time": 1734547923091
  },
  {
    "message": "token error",
    "code": 400,
    "time": 1734547923095
  },
  {
    "message": "token error",
    "code": 400,
    "time": 1734547923100
  },
  {
    "message": "need token",
    "code": 400,
    "time": 1735051487682
  },
  {
    "message": "need token",
    "code": 400,
    "time": 1735051487689
  },
  {
    "message": "need token",
    "code": 400,
    "time": 1735051491886
  },
  {
    "message": "need token",
    "code": 400,
    "time": 1735051491890
  },
  {
    "message": "this email were already exist",
    "code": 400,
    "time": 1735051506959
  },
  {
    "message": "not enough rights",
    "code": 400,
    "time": 1735051614397
  }
]